To honour the JVM settings for this build a single-use Daemon process will be forked. For more on this, please refer to https://docs.gradle.org/9.4.1/userguide/gradle_daemon.html#sec:disabling_the_daemon in the Gradle documentation.
Daemon will be stopped at the end of the build 
Running Stonecutter 0.9.4
> Task :buildSrc:checkKotlinGradlePluginConfigurationErrors SKIPPED
> Task :buildSrc:compileKotlin UP-TO-DATE
> Task :buildSrc:compileJava NO-SOURCE
> Task :buildSrc:compileGroovy NO-SOURCE
> Task :buildSrc:pluginDescriptors UP-TO-DATE
> Task :buildSrc:processResources NO-SOURCE
> Task :buildSrc:classes UP-TO-DATE
> Task :buildSrc:jar UP-TO-DATE

> Configure project :1.20.1-fabric
Fabric Loom: 1.16.2

> Configure project :1.21.1-fabric
Fabric Loom: 1.16.2

> Task :1.21.1-neoforge:stonecutterPrepare UP-TO-DATE
> Task :1.21.1-neoforge:stonecutterGenerate UP-TO-DATE
> Task :1.21.1-neoforge:createMinecraftArtifacts UP-TO-DATE
> Task :1.21.1-neoforge:compileJava UP-TO-DATE
> Task :1.21.1-neoforge:processResources
> Task :1.21.1-neoforge:classes
> Task :1.21.1-neoforge:jarJar UP-TO-DATE
> Task :1.21.1-neoforge:jar
> Task :1.21.1-neoforge:sourcesJar
> Task :1.21.1-neoforge:assemble
> Task :1.21.1-neoforge:stonecutterPrepareTest UP-TO-DATE
> Task :1.21.1-neoforge:stonecutterGenerateTest NO-SOURCE
> Task :1.21.1-neoforge:compileTestJava NO-SOURCE
> Task :1.21.1-neoforge:processTestResources NO-SOURCE
> Task :1.21.1-neoforge:testClasses UP-TO-DATE
> Task :1.21.1-neoforge:test NO-SOURCE
> Task :1.21.1-neoforge:check UP-TO-DATE
> Task :1.21.1-neoforge:build

Deprecated Gradle features were used in this build, making it incompatible with Gradle 10.

You can use '--warning-mode all' to show the individual deprecation warnings and determine if they come from your own scripts or plugins.

For more on this, please refer to https://docs.gradle.org/9.4.1/userguide/command_line_interface.html#sec:command_line_warnings in the Gradle documentation.

BUILD SUCCESSFUL in 10s
12 actionable tasks: 3 executed, 9 up-to-date
EXIT=0
