To honour the JVM settings for this build a single-use Daemon process will be forked. For more on this, please refer to https://docs.gradle.org/9.4.1/userguide/gradle_daemon.html#sec:disabling_the_daemon in the Gradle documentation.
Daemon will be stopped at the end of the build 
Running Stonecutter 0.9.4
> Task :buildSrc:checkKotlinGradlePluginConfigurationErrors SKIPPED
> Task :buildSrc:compileKotlin UP-TO-DATE
> Task :buildSrc:compileJava NO-SOURCE
> Task :buildSrc:compileGroovy NO-SOURCE
> Task :buildSrc:pluginDescriptors UP-TO-DATE
> Task :buildSrc:processResources NO-SOURCE
> Task :buildSrc:classes UP-TO-DATE
> Task :buildSrc:jar UP-TO-DATE

> Configure project :1.20.1-fabric
Fabric Loom: 1.16.2

> Configure project :1.21.1-fabric
Fabric Loom: 1.16.2

duplicate input class net/caffeinemc/mods/sodium/api/vertex/serializer/VertexSerializerRegistry, from /root/.gradle/caches/modules-2/files-2.1/net.caffeinemc/sodium-fabric-api/0.8.13+mc1.21.1/c26e1fad87bdd2a2b1cb3becafa7b94979e77a0/sodium-fabric-api-0.8.13+mc1.21.1.jar and /root/.gradle/caches/modules-2/files-2.1/net.caffeinemc/sodium-fabric/0.8.13+mc1.21.1/3c114c85ca88ef3362e018deb6aca0c682d6a1/sodium-fabric-0.8.13+mc1.21.1.jar
duplicate input class net/caffeinemc/mods/sodium/api/vertex/serializer/VertexSerializer, from /root/.gradle/caches/modules-2/files-2.1/net.caffeinemc/sodium-fabric-api/0.8.13+mc1.21.1/c26e1fad87bdd2a2b1cb3becafa7b94979e77a0/sodium-fabric-api-0.8.13+mc1.21.1.jar and /root/.gradle/caches/modules-2/files-2.1/net.caffeinemc/sodium-fabric/0.8.13+mc1.21.1/3c114c85ca88ef3362e018deb6aca0c682d6a1/sodium-fabric-0.8.13+mc1.21.1.jar
duplicate input class net/caffeinemc/mods/sodium/api/vertex/format/common/ParticleVertex, from /root/.gradle/caches/modules-2/files-2.1/net.caffeinemc/sodium-fabric-api/0.8.13+mc1.21.1/c26e1fad87bdd2a2b1cb3becafa7b94979e77a0/sodium-fabric-api-0.8.13+mc1.21.1.jar and /root/.gradle/caches/modules-2/files-2.1/net.caffeinemc/sodium-fabric/0.8.13+mc1.21.1/3c114c85ca88ef3362e018deb6aca0c682d6a1/sodium-fabric-0.8.13+mc1.21.1.jar
duplicate input class net/caffeinemc/mods/sodium/api/vertex/format/common/LineVertex, from /root/.gradle/caches/modules-2/files-2.1/net.caffeinemc/sodium-fabric-api/0.8.13+mc1.21.1/c26e1fad87bdd2a2b1cb3becafa7b94979e77a0/sodium-fabric-api-0.8.13+mc1.21.1.jar and /root/.gradle/caches/modules-2/files-2.1/net.caffeinemc/sodium-fabric/0.8.13+mc1.21.1/3c114c85ca88ef3362e018deb6aca0c682d6a1/sodium-fabric-0.8.13+mc1.21.1.jar
duplicate input class net/caffeinemc/mods/sodium/api/vertex/format/common/GlyphVertex, from /root/.gradle/caches/modules-2/files-2.1/net.caffeinemc/sodium-fabric-api/0.8.13+mc1.21.1/c26e1fad87bdd2a2b1cb3becafa7b94979e77a0/sodium-fabric-api-0.8.13+mc1.21.1.jar and /root/.gradle/caches/modules-2/files-2.1/net.caffeinemc/sodium-fabric/0.8.13+mc1.21.1/3c114c85ca88ef3362e018deb6aca0c682d6a1/sodium-fabric-0.8.13+mc1.21.1.jar
duplicate input class net/caffeinemc/mods/sodium/api/vertex/format/common/EntityVertex, from /root/.gradle/caches/modules-2/files-2.1/net.caffeinemc/sodium-fabric-api/0.8.13+mc1.21.1/c26e1fad87bdd2a2b1cb3becafa7b94979e77a0/sodium-fabric-api-0.8.13+mc1.21.1.jar and /root/.gradle/caches/modules-2/files-2.1/net.caffeinemc/sodium-fabric/0.8.13+mc1.21.1/3c114c85ca88ef3362e018deb6aca0c682d6a1/sodium-fabric-0.8.13+mc1.21.1.jar
duplicate input class net/caffeinemc/mods/sodium/api/vertex/format/common/ColorVertex, from /root/.gradle/caches/modules-2/files-2.1/net.caffeinemc/sodium-fabric-api/0.8.13+mc1.21.1/c26e1fad87bdd2a2b1cb3becafa7b94979e77a0/sodium-fabric-api-0.8.13+mc1.21.1.jar and /root/.gradle/caches/modules-2/files-2.1/net.caffeinemc/sodium-fabric/0.8.13+mc1.21.1/3c114c85ca88ef3362e018deb6aca0c682d6a1/sodium-fabric-0.8.13+mc1.21.1.jar
duplicate input class net/caffeinemc/mods/sodium/api/vertex/format/VertexFormatRegistry, from /root/.gradle/caches/modules-2/files-2.1/net.caffeinemc/sodium-fabric-api/0.8.13+mc1.21.1/c26e1fad87bdd2a2b1cb3becafa7b94979e77a0/sodium-fabric-api-0.8.13+mc1.21.1.jar and /root/.gradle/caches/modules-2/files-2.1/net.caffeinemc/sodium-fabric/0.8.13+mc1.21.1/3c114c85ca88ef3362e018deb6aca0c682d6a1/sodium-fabric-0.8.13+mc1.21.1.jar
duplicate input class net/caffeinemc/mods/sodium/api/vertex/format/VertexFormatExtensions, from /root/.gradle/caches/modules-2/files-2.1/net.caffeinemc/sodium-fabric-api/0.8.13+mc1.21.1/c26e1fad87bdd2a2b1cb3becafa7b94979e77a0/sodium-fabric-api-0.8.13+mc1.21.1.jar and /root/.gradle/caches/modules-2/files-2.1/net.caffeinemc/sodium-fabric/0.8.13+mc1.21.1/3c114c85ca88ef3362e018deb6aca0c682d6a1/sodium-fabric-0.8.13+mc1.21.1.jar
duplicate input class net/caffeinemc/mods/sodium/api/vertex/buffer/VertexBufferWriter, from /root/.gradle/caches/modules-2/files-2.1/net.caffeinemc/sodium-fabric-api/0.8.13+mc1.21.1/c26e1fad87bdd2a2b1cb3becafa7b94979e77a0/sodium-fabric-api-0.8.13+mc1.21.1.jar and /root/.gradle/caches/modules-2/files-2.1/net.caffeinemc/sodium-fabric/0.8.13+mc1.21.1/3c114c85ca88ef3362e018deb6aca0c682d6a1/sodium-fabric-0.8.13+mc1.21.1.jar
duplicate input class net/caffeinemc/mods/sodium/api/vertex/attributes/common/TextureAttribute, from /root/.gradle/caches/modules-2/files-2.1/net.caffeinemc/sodium-fabric-api/0.8.13+mc1.21.1/c26e1fad87bdd2a2b1cb3becafa7b94979e77a0/sodium-fabric-api-0.8.13+mc1.21.1.jar and /root/.gradle/caches/modules-2/files-2.1/net.caffeinemc/sodium-fabric/0.8.13+mc1.21.1/3c114c85ca88ef3362e018deb6aca0c682d6a1/sodium-fabric-0.8.13+mc1.21.1.jar
duplicate input class net/caffeinemc/mods/sodium/api/vertex/attributes/common/PositionAttribute, from /root/.gradle/caches/modules-2/files-2.1/net.caffeinemc/sodium-fabric-api/0.8.13+mc1.21.1/c26e1fad87bdd2a2b1cb3becafa7b94979e77a0/sodium-fabric-api-0.8.13+mc1.21.1.jar and /root/.gradle/caches/modules-2/files-2.1/net.caffeinemc/sodium-fabric/0.8.13+mc1.21.1/3c114c85ca88ef3362e018deb6aca0c682d6a1/sodium-fabric-0.8.13+mc1.21.1.jar
duplicate input class net/caffeinemc/mods/sodium/api/vertex/attributes/common/OverlayAttribute, from /root/.gradle/caches/modules-2/files-2.1/net.caffeinemc/sodium-fabric-api/0.8.13+mc1.21.1/c26e1fad87bdd2a2b1cb3becafa7b94979e77a0/sodium-fabric-api-0.8.13+mc1.21.1.jar and /root/.gradle/caches/modules-2/files-2.1/net.caffeinemc/sodium-fabric/0.8.13+mc1.21.1/3c114c85ca88ef3362e018deb6aca0c682d6a1/sodium-fabric-0.8.13+mc1.21.1.jar
duplicate input class net/caffeinemc/mods/sodium/api/vertex/attributes/common/NormalAttribute, from /root/.gradle/caches/modules-2/files-2.1/net.caffeinemc/sodium-fabric-api/0.8.13+mc1.21.1/c26e1fad87bdd2a2b1cb3becafa7b94979e77a0/sodium-fabric-api-0.8.13+mc1.21.1.jar and /root/.gradle/caches/modules-2/files-2.1/net.caffeinemc/sodium-fabric/0.8.13+mc1.21.1/3c114c85ca88ef3362e018deb6aca0c682d6a1/sodium-fabric-0.8.13+mc1.21.1.jar
duplicate input class net/caffeinemc/mods/sodium/api/vertex/attributes/common/LightAttribute, from /root/.gradle/caches/modules-2/files-2.1/net.caffeinemc/sodium-fabric-api/0.8.13+mc1.21.1/c26e1fad87bdd2a2b1cb3becafa7b94979e77a0/sodium-fabric-api-0.8.13+mc1.21.1.jar and /root/.gradle/caches/modules-2/files-2.1/net.caffeinemc/sodium-fabric/0.8.13+mc1.21.1/3c114c85ca88ef3362e018deb6aca0c682d6a1/sodium-fabric-0.8.13+mc1.21.1.jar
duplicate input class net/caffeinemc/mods/sodium/api/vertex/attributes/common/ColorAttribute, from /root/.gradle/caches/modules-2/files-2.1/net.caffeinemc/sodium-fabric-api/0.8.13+mc1.21.1/c26e1fad87bdd2a2b1cb3becafa7b94979e77a0/sodium-fabric-api-0.8.13+mc1.21.1.jar and /root/.gradle/caches/modules-2/files-2.1/net.caffeinemc/sodium-fabric/0.8.13+mc1.21.1/3c114c85ca88ef3362e018deb6aca0c682d6a1/sodium-fabric-0.8.13+mc1.21.1.jar
duplicate input class net/caffeinemc/mods/sodium/api/util/NormI8, from /root/.gradle/caches/modules-2/files-2.1/net.caffeinemc/sodium-fabric-api/0.8.13+mc1.21.1/c26e1fad87bdd2a2b1cb3becafa7b94979e77a0/sodium-fabric-api-0.8.13+mc1.21.1.jar and /root/.gradle/caches/modules-2/files-2.1/net.caffeinemc/sodium-fabric/0.8.13+mc1.21.1/3c114c85ca88ef3362e018deb6aca0c682d6a1/sodium-fabric-0.8.13+mc1.21.1.jar
duplicate input class net/caffeinemc/mods/sodium/api/util/ColorU8, from /root/.gradle/caches/modules-2/files-2.1/net.caffeinemc/sodium-fabric-api/0.8.13+mc1.21.1/c26e1fad87bdd2a2b1cb3becafa7b94979e77a0/sodium-fabric-api-0.8.13+mc1.21.1.jar and /root/.gradle/caches/modules-2/files-2.1/net.caffeinemc/sodium-fabric/0.8.13+mc1.21.1/3c114c85ca88ef3362e018deb6aca0c682d6a1/sodium-fabric-0.8.13+mc1.21.1.jar
duplicate input class net/caffeinemc/mods/sodium/api/util/ColorMixer, from /root/.gradle/caches/modules-2/files-2.1/net.caffeinemc/sodium-fabric-api/0.8.13+mc1.21.1/c26e1fad87bdd2a2b1cb3becafa7b94979e77a0/sodium-fabric-api-0.8.13+mc1.21.1.jar and /root/.gradle/caches/modules-2/files-2.1/net.caffeinemc/sodium-fabric/0.8.13+mc1.21.1/3c114c85ca88ef3362e018deb6aca0c682d6a1/sodium-fabric-0.8.13+mc1.21.1.jar
duplicate input class net/caffeinemc/mods/sodium/api/util/ColorARGB, from /root/.gradle/caches/modules-2/files-2.1/net.caffeinemc/sodium-fabric-api/0.8.13+mc1.21.1/c26e1fad87bdd2a2b1cb3becafa7b94979e77a0/sodium-fabric-api-0.8.13+mc1.21.1.jar and /root/.gradle/caches/modules-2/files-2.1/net.caffeinemc/sodium-fabric/0.8.13+mc1.21.1/3c114c85ca88ef3362e018deb6aca0c682d6a1/sodium-fabric-0.8.13+mc1.21.1.jar
duplicate input class net/caffeinemc/mods/sodium/api/util/ColorABGR, from /root/.gradle/caches/modules-2/files-2.1/net.caffeinemc/sodium-fabric-api/0.8.13+mc1.21.1/c26e1fad87bdd2a2b1cb3becafa7b94979e77a0/sodium-fabric-api-0.8.13+mc1.21.1.jar and /root/.gradle/caches/modules-2/files-2.1/net.caffeinemc/sodium-fabric/0.8.13+mc1.21.1/3c114c85ca88ef3362e018deb6aca0c682d6a1/sodium-fabric-0.8.13+mc1.21.1.jar
duplicate input class net/caffeinemc/mods/sodium/api/texture/SpriteUtil, from /root/.gradle/caches/modules-2/files-2.1/net.caffeinemc/sodium-fabric-api/0.8.13+mc1.21.1/c26e1fad87bdd2a2b1cb3becafa7b94979e77a0/sodium-fabric-api-0.8.13+mc1.21.1.jar and /root/.gradle/caches/modules-2/files-2.1/net.caffeinemc/sodium-fabric/0.8.13+mc1.21.1/3c114c85ca88ef3362e018deb6aca0c682d6a1/sodium-fabric-0.8.13+mc1.21.1.jar
duplicate input class net/caffeinemc/mods/sodium/api/memory/MemoryIntrinsics, from /root/.gradle/caches/modules-2/files-2.1/net.caffeinemc/sodium-fabric-api/0.8.13+mc1.21.1/c26e1fad87bdd2a2b1cb3becafa7b94979e77a0/sodium-fabric-api-0.8.13+mc1.21.1.jar and /root/.gradle/caches/modules-2/files-2.1/net.caffeinemc/sodium-fabric/0.8.13+mc1.21.1/3c114c85ca88ef3362e018deb6aca0c682d6a1/sodium-fabric-0.8.13+mc1.21.1.jar
duplicate input class net/caffeinemc/mods/sodium/api/math/MatrixHelper, from /root/.gradle/caches/modules-2/files-2.1/net.caffeinemc/sodium-fabric-api/0.8.13+mc1.21.1/c26e1fad87bdd2a2b1cb3becafa7b94979e77a0/sodium-fabric-api-0.8.13+mc1.21.1.jar and /root/.gradle/caches/modules-2/files-2.1/net.caffeinemc/sodium-fabric/0.8.13+mc1.21.1/3c114c85ca88ef3362e018deb6aca0c682d6a1/sodium-fabric-0.8.13+mc1.21.1.jar
duplicate input class net/caffeinemc/mods/sodium/api/internal/package-info, from /root/.gradle/caches/modules-2/files-2.1/net.caffeinemc/sodium-fabric-api/0.8.13+mc1.21.1/c26e1fad87bdd2a2b1cb3becafa7b94979e77a0/sodium-fabric-api-0.8.13+mc1.21.1.jar and /root/.gradle/caches/modules-2/files-2.1/net.caffeinemc/sodium-fabric/0.8.13+mc1.21.1/3c114c85ca88ef3362e018deb6aca0c682d6a1/sodium-fabric-0.8.13+mc1.21.1.jar
duplicate input class net/caffeinemc/mods/sodium/api/internal/DependencyInjection, from /root/.gradle/caches/modules-2/files-2.1/net.caffeinemc/sodium-fabric-api/0.8.13+mc1.21.1/c26e1fad87bdd2a2b1cb3becafa7b94979e77a0/sodium-fabric-api-0.8.13+mc1.21.1.jar and /root/.gradle/caches/modules-2/files-2.1/net.caffeinemc/sodium-fabric/0.8.13+mc1.21.1/3c114c85ca88ef3362e018deb6aca0c682d6a1/sodium-fabric-0.8.13+mc1.21.1.jar
duplicate input class net/caffeinemc/mods/sodium/api/config/structure/StatefulOptionBuilder, from /root/.gradle/caches/modules-2/files-2.1/net.caffeinemc/sodium-fabric-api/0.8.13+mc1.21.1/c26e1fad87bdd2a2b1cb3becafa7b94979e77a0/sodium-fabric-api-0.8.13+mc1.21.1.jar and /root/.gradle/caches/modules-2/files-2.1/net.caffeinemc/sodium-fabric/0.8.13+mc1.21.1/3c114c85ca88ef3362e018deb6aca0c682d6a1/sodium-fabric-0.8.13+mc1.21.1.jar
duplicate input class net/caffeinemc/mods/sodium/api/config/structure/PageBuilder, from /root/.gradle/caches/modules-2/files-2.1/net.caffeinemc/sodium-fabric-api/0.8.13+mc1.21.1/c26e1fad87bdd2a2b1cb3becafa7b94979e77a0/sodium-fabric-api-0.8.13+mc1.21.1.jar and /root/.gradle/caches/modules-2/files-2.1/net.caffeinemc/sodium-fabric/0.8.13+mc1.21.1/3c114c85ca88ef3362e018deb6aca0c682d6a1/sodium-fabric-0.8.13+mc1.21.1.jar
duplicate input class net/caffeinemc/mods/sodium/api/config/structure/OptionPageBuilder, from /root/.gradle/caches/modules-2/files-2.1/net.caffeinemc/sodium-fabric-api/0.8.13+mc1.21.1/c26e1fad87bdd2a2b1cb3becafa7b94979e77a0/sodium-fabric-api-0.8.13+mc1.21.1.jar and /root/.gradle/caches/modules-2/files-2.1/net.caffeinemc/sodium-fabric/0.8.13+mc1.21.1/3c114c85ca88ef3362e018deb6aca0c682d6a1/sodium-fabric-0.8.13+mc1.21.1.jar
duplicate input class net/caffeinemc/mods/sodium/api/config/structure/OptionGroupBuilder, from /root/.gradle/caches/modules-2/files-2.1/net.caffeinemc/sodium-fabric-api/0.8.13+mc1.21.1/c26e1fad87bdd2a2b1cb3becafa7b94979e77a0/sodium-fabric-api-0.8.13+mc1.21.1.jar and /root/.gradle/caches/modules-2/files-2.1/net.caffeinemc/sodium-fabric/0.8.13+mc1.21.1/3c114c85ca88ef3362e018deb6aca0c682d6a1/sodium-fabric-0.8.13+mc1.21.1.jar
duplicate input class net/caffeinemc/mods/sodium/api/config/structure/OptionBuilder, from /root/.gradle/caches/modules-2/files-2.1/net.caffeinemc/sodium-fabric-api/0.8.13+mc1.21.1/c26e1fad87bdd2a2b1cb3becafa7b94979e77a0/sodium-fabric-api-0.8.13+mc1.21.1.jar and /root/.gradle/caches/modules-2/files-2.1/net.caffeinemc/sodium-fabric/0.8.13+mc1.21.1/3c114c85ca88ef3362e018deb6aca0c682d6a1/sodium-fabric-0.8.13+mc1.21.1.jar
duplicate input class net/caffeinemc/mods/sodium/api/config/structure/ModOptionsBuilder, from /root/.gradle/caches/modules-2/files-2.1/net.caffeinemc/sodium-fabric-api/0.8.13+mc1.21.1/c26e1fad87bdd2a2b1cb3becafa7b94979e77a0/sodium-fabric-api-0.8.13+mc1.21.1.jar and /root/.gradle/caches/modules-2/files-2.1/net.caffeinemc/sodium-fabric/0.8.13+mc1.21.1/3c114c85ca88ef3362e018deb6aca0c682d6a1/sodium-fabric-0.8.13+mc1.21.1.jar
duplicate input class net/caffeinemc/mods/sodium/api/config/structure/IntegerOptionBuilder, from /root/.gradle/caches/modules-2/files-2.1/net.caffeinemc/sodium-fabric-api/0.8.13+mc1.21.1/c26e1fad87bdd2a2b1cb3becafa7b94979e77a0/sodium-fabric-api-0.8.13+mc1.21.1.jar and /root/.gradle/caches/modules-2/files-2.1/net.caffeinemc/sodium-fabric/0.8.13+mc1.21.1/3c114c85ca88ef3362e018deb6aca0c682d6a1/sodium-fabric-0.8.13+mc1.21.1.jar
duplicate input class net/caffeinemc/mods/sodium/api/config/structure/ExternalPageBuilder, from /root/.gradle/caches/modules-2/files-2.1/net.caffeinemc/sodium-fabric-api/0.8.13+mc1.21.1/c26e1fad87bdd2a2b1cb3becafa7b94979e77a0/sodium-fabric-api-0.8.13+mc1.21.1.jar and /root/.gradle/caches/modules-2/files-2.1/net.caffeinemc/sodium-fabric/0.8.13+mc1.21.1/3c114c85ca88ef3362e018deb6aca0c682d6a1/sodium-fabric-0.8.13+mc1.21.1.jar
duplicate input class net/caffeinemc/mods/sodium/api/config/structure/ExternalButtonOptionBuilder, from /root/.gradle/caches/modules-2/files-2.1/net.caffeinemc/sodium-fabric-api/0.8.13+mc1.21.1/c26e1fad87bdd2a2b1cb3becafa7b94979e77a0/sodium-fabric-api-0.8.13+mc1.21.1.jar and /root/.gradle/caches/modules-2/files-2.1/net.caffeinemc/sodium-fabric/0.8.13+mc1.21.1/3c114c85ca88ef3362e018deb6aca0c682d6a1/sodium-fabric-0.8.13+mc1.21.1.jar
duplicate input class net/caffeinemc/mods/sodium/api/config/structure/EnumOptionBuilder, from /root/.gradle/caches/modules-2/files-2.1/net.caffeinemc/sodium-fabric-api/0.8.13+mc1.21.1/c26e1fad87bdd2a2b1cb3becafa7b94979e77a0/sodium-fabric-api-0.8.13+mc1.21.1.jar and /root/.gradle/caches/modules-2/files-2.1/net.caffeinemc/sodium-fabric/0.8.13+mc1.21.1/3c114c85ca88ef3362e018deb6aca0c682d6a1/sodium-fabric-0.8.13+mc1.21.1.jar
duplicate input class net/caffeinemc/mods/sodium/api/config/structure/ConfigBuilder, from /root/.gradle/caches/modules-2/files-2.1/net.caffeinemc/sodium-fabric-api/0.8.13+mc1.21.1/c26e1fad87bdd2a2b1cb3becafa7b94979e77a0/sodium-fabric-api-0.8.13+mc1.21.1.jar and /root/.gradle/caches/modules-2/files-2.1/net.caffeinemc/sodium-fabric/0.8.13+mc1.21.1/3c114c85ca88ef3362e018deb6aca0c682d6a1/sodium-fabric-0.8.13+mc1.21.1.jar
duplicate input class net/caffeinemc/mods/sodium/api/config/structure/ColorThemeBuilder, from /root/.gradle/caches/modules-2/files-2.1/net.caffeinemc/sodium-fabric-api/0.8.13+mc1.21.1/c26e1fad87bdd2a2b1cb3becafa7b94979e77a0/sodium-fabric-api-0.8.13+mc1.21.1.jar and /root/.gradle/caches/modules-2/files-2.1/net.caffeinemc/sodium-fabric/0.8.13+mc1.21.1/3c114c85ca88ef3362e018deb6aca0c682d6a1/sodium-fabric-0.8.13+mc1.21.1.jar
duplicate input class net/caffeinemc/mods/sodium/api/config/structure/BooleanOptionBuilder, from /root/.gradle/caches/modules-2/files-2.1/net.caffeinemc/sodium-fabric-api/0.8.13+mc1.21.1/c26e1fad87bdd2a2b1cb3becafa7b94979e77a0/sodium-fabric-api-0.8.13+mc1.21.1.jar and /root/.gradle/caches/modules-2/files-2.1/net.caffeinemc/sodium-fabric/0.8.13+mc1.21.1/3c114c85ca88ef3362e018deb6aca0c682d6a1/sodium-fabric-0.8.13+mc1.21.1.jar
duplicate input class net/caffeinemc/mods/sodium/api/config/option/Validator, from /root/.gradle/caches/modules-2/files-2.1/net.caffeinemc/sodium-fabric-api/0.8.13+mc1.21.1/c26e1fad87bdd2a2b1cb3becafa7b94979e77a0/sodium-fabric-api-0.8.13+mc1.21.1.jar and /root/.gradle/caches/modules-2/files-2.1/net.caffeinemc/sodium-fabric/0.8.13+mc1.21.1/3c114c85ca88ef3362e018deb6aca0c682d6a1/sodium-fabric-0.8.13+mc1.21.1.jar
duplicate input class net/caffeinemc/mods/sodium/api/config/option/SteppedValidator, from /root/.gradle/caches/modules-2/files-2.1/net.caffeinemc/sodium-fabric-api/0.8.13+mc1.21.1/c26e1fad87bdd2a2b1cb3becafa7b94979e77a0/sodium-fabric-api-0.8.13+mc1.21.1.jar and /root/.gradle/caches/modules-2/files-2.1/net.caffeinemc/sodium-fabric/0.8.13+mc1.21.1/3c114c85ca88ef3362e018deb6aca0c682d6a1/sodium-fabric-0.8.13+mc1.21.1.jar
duplicate input class net/caffeinemc/mods/sodium/api/config/option/Range, from /root/.gradle/caches/modules-2/files-2.1/net.caffeinemc/sodium-fabric-api/0.8.13+mc1.21.1/c26e1fad87bdd2a2b1cb3becafa7b94979e77a0/sodium-fabric-api-0.8.13+mc1.21.1.jar and /root/.gradle/caches/modules-2/files-2.1/net.caffeinemc/sodium-fabric/0.8.13+mc1.21.1/3c114c85ca88ef3362e018deb6aca0c682d6a1/sodium-fabric-0.8.13+mc1.21.1.jar
duplicate input class net/caffeinemc/mods/sodium/api/config/option/OptionImpact, from /root/.gradle/caches/modules-2/files-2.1/net.caffeinemc/sodium-fabric-api/0.8.13+mc1.21.1/c26e1fad87bdd2a2b1cb3becafa7b94979e77a0/sodium-fabric-api-0.8.13+mc1.21.1.jar and /root/.gradle/caches/modules-2/files-2.1/net.caffeinemc/sodium-fabric/0.8.13+mc1.21.1/3c114c85ca88ef3362e018deb6aca0c682d6a1/sodium-fabric-0.8.13+mc1.21.1.jar
duplicate input class net/caffeinemc/mods/sodium/api/config/option/OptionFlag, from /root/.gradle/caches/modules-2/files-2.1/net.caffeinemc/sodium-fabric-api/0.8.13+mc1.21.1/c26e1fad87bdd2a2b1cb3becafa7b94979e77a0/sodium-fabric-api-0.8.13+mc1.21.1.jar and /root/.gradle/caches/modules-2/files-2.1/net.caffeinemc/sodium-fabric/0.8.13+mc1.21.1/3c114c85ca88ef3362e018deb6aca0c682d6a1/sodium-fabric-0.8.13+mc1.21.1.jar
duplicate input class net/caffeinemc/mods/sodium/api/config/option/OptionBinding, from /root/.gradle/caches/modules-2/files-2.1/net.caffeinemc/sodium-fabric-api/0.8.13+mc1.21.1/c26e1fad87bdd2a2b1cb3becafa7b94979e77a0/sodium-fabric-api-0.8.13+mc1.21.1.jar and /root/.gradle/caches/modules-2/files-2.1/net.caffeinemc/sodium-fabric/0.8.13+mc1.21.1/3c114c85ca88ef3362e018deb6aca0c682d6a1/sodium-fabric-0.8.13+mc1.21.1.jar
duplicate input class net/caffeinemc/mods/sodium/api/config/option/NameProvider, from /root/.gradle/caches/modules-2/files-2.1/net.caffeinemc/sodium-fabric-api/0.8.13+mc1.21.1/c26e1fad87bdd2a2b1cb3becafa7b94979e77a0/sodium-fabric-api-0.8.13+mc1.21.1.jar and /root/.gradle/caches/modules-2/files-2.1/net.caffeinemc/sodium-fabric/0.8.13+mc1.21.1/3c114c85ca88ef3362e018deb6aca0c682d6a1/sodium-fabric-0.8.13+mc1.21.1.jar
duplicate input class net/caffeinemc/mods/sodium/api/config/option/FlagHook, from /root/.gradle/caches/modules-2/files-2.1/net.caffeinemc/sodium-fabric-api/0.8.13+mc1.21.1/c26e1fad87bdd2a2b1cb3becafa7b94979e77a0/sodium-fabric-api-0.8.13+mc1.21.1.jar and /root/.gradle/caches/modules-2/files-2.1/net.caffeinemc/sodium-fabric/0.8.13+mc1.21.1/3c114c85ca88ef3362e018deb6aca0c682d6a1/sodium-fabric-0.8.13+mc1.21.1.jar
duplicate input class net/caffeinemc/mods/sodium/api/config/option/ControlValueFormatter, from /root/.gradle/caches/modules-2/files-2.1/net.caffeinemc/sodium-fabric-api/0.8.13+mc1.21.1/c26e1fad87bdd2a2b1cb3becafa7b94979e77a0/sodium-fabric-api-0.8.13+mc1.21.1.jar and /root/.gradle/caches/modules-2/files-2.1/net.caffeinemc/sodium-fabric/0.8.13+mc1.21.1/3c114c85ca88ef3362e018deb6aca0c682d6a1/sodium-fabric-0.8.13+mc1.21.1.jar
duplicate input class net/caffeinemc/mods/sodium/api/config/StorageEventHandler, from /root/.gradle/caches/modules-2/files-2.1/net.caffeinemc/sodium-fabric-api/0.8.13+mc1.21.1/c26e1fad87bdd2a2b1cb3becafa7b94979e77a0/sodium-fabric-api-0.8.13+mc1.21.1.jar and /root/.gradle/caches/modules-2/files-2.1/net.caffeinemc/sodium-fabric/0.8.13+mc1.21.1/3c114c85ca88ef3362e018deb6aca0c682d6a1/sodium-fabric-0.8.13+mc1.21.1.jar
duplicate input class net/caffeinemc/mods/sodium/api/config/ConfigState, from /root/.gradle/caches/modules-2/files-2.1/net.caffeinemc/sodium-fabric-api/0.8.13+mc1.21.1/c26e1fad87bdd2a2b1cb3becafa7b94979e77a0/sodium-fabric-api-0.8.13+mc1.21.1.jar and /root/.gradle/caches/modules-2/files-2.1/net.caffeinemc/sodium-fabric/0.8.13+mc1.21.1/3c114c85ca88ef3362e018deb6aca0c682d6a1/sodium-fabric-0.8.13+mc1.21.1.jar
duplicate input class net/caffeinemc/mods/sodium/api/config/ConfigEntryPointForge, from /root/.gradle/caches/modules-2/files-2.1/net.caffeinemc/sodium-fabric-api/0.8.13+mc1.21.1/c26e1fad87bdd2a2b1cb3becafa7b94979e77a0/sodium-fabric-api-0.8.13+mc1.21.1.jar and /root/.gradle/caches/modules-2/files-2.1/net.caffeinemc/sodium-fabric/0.8.13+mc1.21.1/3c114c85ca88ef3362e018deb6aca0c682d6a1/sodium-fabric-0.8.13+mc1.21.1.jar
duplicate input class net/caffeinemc/mods/sodium/api/config/ConfigEntryPoint, from /root/.gradle/caches/modules-2/files-2.1/net.caffeinemc/sodium-fabric-api/0.8.13+mc1.21.1/c26e1fad87bdd2a2b1cb3becafa7b94979e77a0/sodium-fabric-api-0.8.13+mc1.21.1.jar and /root/.gradle/caches/modules-2/files-2.1/net.caffeinemc/sodium-fabric/0.8.13+mc1.21.1/3c114c85ca88ef3362e018deb6aca0c682d6a1/sodium-fabric-0.8.13+mc1.21.1.jar
duplicate input class net/caffeinemc/mods/sodium/api/blockentity/BlockEntityRenderPredicate, from /root/.gradle/caches/modules-2/files-2.1/net.caffeinemc/sodium-fabric-api/0.8.13+mc1.21.1/c26e1fad87bdd2a2b1cb3becafa7b94979e77a0/sodium-fabric-api-0.8.13+mc1.21.1.jar and /root/.gradle/caches/modules-2/files-2.1/net.caffeinemc/sodium-fabric/0.8.13+mc1.21.1/3c114c85ca88ef3362e018deb6aca0c682d6a1/sodium-fabric-0.8.13+mc1.21.1.jar
duplicate input class net/caffeinemc/mods/sodium/api/blockentity/BlockEntityRenderHandler, from /root/.gradle/caches/modules-2/files-2.1/net.caffeinemc/sodium-fabric-api/0.8.13+mc1.21.1/c26e1fad87bdd2a2b1cb3becafa7b94979e77a0/sodium-fabric-api-0.8.13+mc1.21.1.jar and /root/.gradle/caches/modules-2/files-2.1/net.caffeinemc/sodium-fabric/0.8.13+mc1.21.1/3c114c85ca88ef3362e018deb6aca0c682d6a1/sodium-fabric-0.8.13+mc1.21.1.jar
Cannot remap lambda$init$2 because it does not exist in any of the targets [net/minecraft/class_429]
Cannot remap getRenderLayers because it does not exist in any of the targets [net/minecraft/class_4696]
Cannot remap iterateVisibleBlockEntities because it does not exist in any of the targets [net/minecraft/class_761]

> Configure project :1.21.1-fabric
:remapping sources

> Task :1.21.1-fabric:stonecutterPrepare
> Task :1.21.1-fabric:stonecutterGenerate

> Task :1.21.1-fabric:compileJava
Note: Some input files use unchecked or unsafe operations.
Note: Recompile with -Xlint:unchecked for details.

> Task :1.21.1-fabric:processResources
> Task :1.21.1-fabric:classes
> Task :1.21.1-fabric:jar

> Task :1.21.1-fabric:processIncludeJars
(3.49.1.0) is not valid semver for dependency org.xerial:sqlite-jdbc:3.49.1.0
(1.10) is not valid semver for dependency org.tukaani:xz:1.10

> Task :1.21.1-fabric:sourcesJar
> Task :1.21.1-fabric:stonecutterPrepareTest
> Task :1.21.1-fabric:stonecutterGenerateTest NO-SOURCE
> Task :1.21.1-fabric:compileTestJava NO-SOURCE
> Task :1.21.1-fabric:processTestResources NO-SOURCE
> Task :1.21.1-fabric:testClasses UP-TO-DATE
> Task :1.21.1-fabric:test NO-SOURCE
> Task :1.21.1-fabric:validateAccessWidener
> Task :1.21.1-fabric:check
Cannot remap clearLevel because it does not exist in any of the targets [net/minecraft/client/Minecraft]
> Task :1.21.1-fabric:remapSourcesJar
> Task :1.21.1-fabric:remapJar
> Task :1.21.1-fabric:assemble
> Task :1.21.1-fabric:build

[Incubating] Problems report is available at: file:///root/voxy-build/build/reports/problems/problems-report.html

Deprecated Gradle features were used in this build, making it incompatible with Gradle 10.

You can use '--warning-mode all' to show the individual deprecation warnings and determine if they come from your own scripts or plugins.

For more on this, please refer to https://docs.gradle.org/9.4.1/userguide/command_line_interface.html#sec:command_line_warnings in the Gradle documentation.

BUILD SUCCESSFUL in 1m 26s
14 actionable tasks: 11 executed, 3 up-to-date
EXIT=0
